PHPMailer Debug [2]: SERVER -> CLIENT: 220 smtp.gmail.com ESMTP d9443c01a7336-22db51021a8sm30438535ad.172 - gsmtp

PHPMailer Debug [1]: CLIENT -> SERVER: EHLO localhost

PHPMailer Debug [2]: SERVER -> CLIENT: 250-smtp.gmail.com at your service, [120.188.34.210]
250-SIZE 35882577
250-8BITMIME
250-AUTH LOGIN PLAIN XOAUTH2 PLAIN-CLIENTTOKEN OAUTHBEARER XOAUTH
250-ENHANCEDSTATUSCODES
250-PIPELINING
250-CHUNKING
250 SMTPUTF8

PHPMailer Debug [1]: CLIENT -> SERVER: AUTH LOGIN

PHPMailer Debug [2]: SERVER -> CLIENT: 334 VXNlcm5hbWU6

PHPMailer Debug [1]: CLIENT -> SERVER: [credentials hidden]
PHPMailer Debug [2]: SERVER -> CLIENT: 334 UGFzc3dvcmQ6

PHPMailer Debug [1]: CLIENT -> SERVER: [credentials hidden]
PHPMailer Debug [2]: SERVER -> CLIENT: 535-5.7.8 Username and Password not accepted. For more information, go to
535 5.7.8  https://support.google.com/mail/?p=BadCredentials d9443c01a7336-22db51021a8sm30438535ad.172 - gsmtp

PHPMailer Debug [1]: SMTP ERROR: Password command failed: 535-5.7.8 Username and Password not accepted. For more information, go to
535 5.7.8  https://support.google.com/mail/?p=BadCredentials d9443c01a7336-22db51021a8sm30438535ad.172 - gsmtp

PHPMailer Debug [2]: SMTP Error: Could not authenticate.
PHPMailer Debug [1]: CLIENT -> SERVER: QUIT

PHPMailer Debug [2]: SERVER -> CLIENT: 221 2.0.0 closing connection d9443c01a7336-22db51021a8sm30438535ad.172 - gsmtp

PHPMailer Debug [2]: SMTP Error: Could not authenticate.
PHPMailer Error: SMTP Error: Could not authenticate.
PHPMailer Debug [2]: SERVER -> CLIENT: 220 smtp.gmail.com ESMTP d2e1a72fcca58-73e2591349esm3002272b3a.8 - gsmtp

PHPMailer Debug [1]: CLIENT -> SERVER: EHLO localhost

PHPMailer Debug [2]: SERVER -> CLIENT: 250-smtp.gmail.com at your service, [120.188.34.210]
250-SIZE 35882577
250-8BITMIME
250-AUTH LOGIN PLAIN XOAUTH2 PLAIN-CLIENTTOKEN OAUTHBEARER XOAUTH
250-ENHANCEDSTATUSCODES
250-PIPELINING
250-CHUNKING
250 SMTPUTF8

PHPMailer Debug [1]: CLIENT -> SERVER: AUTH LOGIN

PHPMailer Debug [2]: SERVER -> CLIENT: 334 VXNlcm5hbWU6

PHPMailer Debug [1]: CLIENT -> SERVER: [credentials hidden]
PHPMailer Debug [2]: SERVER -> CLIENT: 334 UGFzc3dvcmQ6

PHPMailer Debug [1]: CLIENT -> SERVER: [credentials hidden]
PHPMailer Debug [2]: SERVER -> CLIENT: 535-5.7.8 Username and Password not accepted. For more information, go to
535 5.7.8  https://support.google.com/mail/?p=BadCredentials d2e1a72fcca58-73e2591349esm3002272b3a.8 - gsmtp

PHPMailer Debug [1]: SMTP ERROR: Password command failed: 535-5.7.8 Username and Password not accepted. For more information, go to
535 5.7.8  https://support.google.com/mail/?p=BadCredentials d2e1a72fcca58-73e2591349esm3002272b3a.8 - gsmtp

PHPMailer Debug [2]: SMTP Error: Could not authenticate.
PHPMailer Debug [1]: CLIENT -> SERVER: QUIT

PHPMailer Debug [2]: SERVER -> CLIENT: 221 2.0.0 closing connection d2e1a72fcca58-73e2591349esm3002272b3a.8 - gsmtp

PHPMailer Debug [2]: SMTP Error: Could not authenticate.
PHPMailer Error: SMTP Error: Could not authenticate.
PHPMailer Debug [2]: SERVER -> CLIENT: 220 smtp.gmail.com ESMTP d2e1a72fcca58-73e25a9a113sm3079539b3a.134 - gsmtp

PHPMailer Debug [1]: CLIENT -> SERVER: EHLO localhost

PHPMailer Debug [2]: SERVER -> CLIENT: 250-smtp.gmail.com at your service, [120.188.34.210]
250-SIZE 35882577
250-8BITMIME
250-STARTTLS
250-ENHANCEDSTATUSCODES
250-PIPELINING
250-CHUNKING
250 SMTPUTF8

PHPMailer Debug [1]: CLIENT -> SERVER: STARTTLS

PHPMailer Debug [2]: SERVER -> CLIENT: 220 2.0.0 Ready to start TLS

PHPMailer Debug [1]: CLIENT -> SERVER: EHLO localhost

PHPMailer Debug [2]: SERVER -> CLIENT: 250-smtp.gmail.com at your service, [120.188.34.210]
250-SIZE 35882577
250-8BITMIME
250-AUTH LOGIN PLAIN XOAUTH2 PLAIN-CLIENTTOKEN OAUTHBEARER XOAUTH
250-ENHANCEDSTATUSCODES
250-PIPELINING
250-CHUNKING
250 SMTPUTF8

PHPMailer Debug [1]: CLIENT -> SERVER: AUTH LOGIN

PHPMailer Debug [2]: SERVER -> CLIENT: 334 VXNlcm5hbWU6

PHPMailer Debug [1]: CLIENT -> SERVER: [credentials hidden]
PHPMailer Debug [2]: SERVER -> CLIENT: 334 UGFzc3dvcmQ6

PHPMailer Debug [1]: CLIENT -> SERVER: [credentials hidden]
PHPMailer Debug [2]: SERVER -> CLIENT: 535-5.7.8 Username and Password not accepted. For more information, go to
535 5.7.8  https://support.google.com/mail/?p=BadCredentials d2e1a72fcca58-73e25a9a113sm3079539b3a.134 - gsmtp

PHPMailer Debug [1]: SMTP ERROR: Password command failed: 535-5.7.8 Username and Password not accepted. For more information, go to
535 5.7.8  https://support.google.com/mail/?p=BadCredentials d2e1a72fcca58-73e25a9a113sm3079539b3a.134 - gsmtp

PHPMailer Debug [2]: SMTP Error: Could not authenticate.
PHPMailer Debug [1]: CLIENT -> SERVER: QUIT

PHPMailer Debug [2]: SERVER -> CLIENT: 221 2.0.0 closing connection d2e1a72fcca58-73e25a9a113sm3079539b3a.134 - gsmtp

PHPMailer Debug [2]: SMTP Error: Could not authenticate.
PHPMailer Error: SMTP Error: Could not authenticate.
PHPMailer Debug [2]: SERVER -> CLIENT: 220 smtp.gmail.com ESMTP d9443c01a7336-22db5216d36sm30484745ad.242 - gsmtp

PHPMailer Debug [1]: CLIENT -> SERVER: EHLO localhost

PHPMailer Debug [2]: SERVER -> CLIENT: 250-smtp.gmail.com at your service, [120.188.34.210]
250-SIZE 35882577
250-8BITMIME
250-STARTTLS
250-ENHANCEDSTATUSCODES
250-PIPELINING
250-CHUNKING
250 SMTPUTF8

PHPMailer Debug [1]: CLIENT -> SERVER: STARTTLS

PHPMailer Debug [2]: SERVER -> CLIENT: 220 2.0.0 Ready to start TLS

PHPMailer Debug [1]: CLIENT -> SERVER: EHLO localhost

PHPMailer Debug [2]: SERVER -> CLIENT: 250-smtp.gmail.com at your service, [120.188.34.210]
250-SIZE 35882577
250-8BITMIME
250-AUTH LOGIN PLAIN XOAUTH2 PLAIN-CLIENTTOKEN OAUTHBEARER XOAUTH
250-ENHANCEDSTATUSCODES
250-PIPELINING
250-CHUNKING
250 SMTPUTF8

PHPMailer Debug [1]: CLIENT -> SERVER: AUTH LOGIN

PHPMailer Debug [2]: SERVER -> CLIENT: 334 VXNlcm5hbWU6

PHPMailer Debug [1]: CLIENT -> SERVER: [credentials hidden]
PHPMailer Debug [2]: SERVER -> CLIENT: 334 UGFzc3dvcmQ6

PHPMailer Debug [1]: CLIENT -> SERVER: [credentials hidden]
PHPMailer Debug [2]: SERVER -> CLIENT: 535-5.7.8 Username and Password not accepted. For more information, go to
535 5.7.8  https://support.google.com/mail/?p=BadCredentials d9443c01a7336-22db5216d36sm30484745ad.242 - gsmtp

PHPMailer Debug [1]: SMTP ERROR: Password command failed: 535-5.7.8 Username and Password not accepted. For more information, go to
535 5.7.8  https://support.google.com/mail/?p=BadCredentials d9443c01a7336-22db5216d36sm30484745ad.242 - gsmtp

PHPMailer Debug [2]: SMTP Error: Could not authenticate.
PHPMailer Debug [1]: CLIENT -> SERVER: QUIT

PHPMailer Debug [2]: SERVER -> CLIENT: 221 2.0.0 closing connection d9443c01a7336-22db5216d36sm30484745ad.242 - gsmtp

PHPMailer Debug [2]: SMTP Error: Could not authenticate.
PHPMailer Error: SMTP Error: Could not authenticate.
PHPMailer Debug [2]: SERVER -> CLIENT: 220 smtp.gmail.com ESMTP 41be03b00d2f7-b15fa906da6sm2768602a12.62 - gsmtp

PHPMailer Debug [1]: CLIENT -> SERVER: EHLO localhost

PHPMailer Debug [2]: SERVER -> CLIENT: 250-smtp.gmail.com at your service, [120.188.34.210]
250-SIZE 35882577
250-8BITMIME
250-STARTTLS
250-ENHANCEDSTATUSCODES
250-PIPELINING
250-CHUNKING
250 SMTPUTF8

PHPMailer Debug [1]: CLIENT -> SERVER: STARTTLS

PHPMailer Debug [2]: SERVER -> CLIENT: 220 2.0.0 Ready to start TLS

PHPMailer Debug [1]: CLIENT -> SERVER: EHLO localhost

PHPMailer Debug [2]: SERVER -> CLIENT: 250-smtp.gmail.com at your service, [120.188.34.210]
250-SIZE 35882577
250-8BITMIME
250-AUTH LOGIN PLAIN XOAUTH2 PLAIN-CLIENTTOKEN OAUTHBEARER XOAUTH
250-ENHANCEDSTATUSCODES
250-PIPELINING
250-CHUNKING
250 SMTPUTF8

PHPMailer Debug [1]: CLIENT -> SERVER: AUTH LOGIN

PHPMailer Debug [2]: SERVER -> CLIENT: 334 VXNlcm5hbWU6

PHPMailer Debug [1]: CLIENT -> SERVER: [credentials hidden]
PHPMailer Debug [2]: SERVER -> CLIENT: 334 UGFzc3dvcmQ6

PHPMailer Debug [1]: CLIENT -> SERVER: [credentials hidden]
PHPMailer Debug [2]: SERVER -> CLIENT: 235 2.7.0 Accepted

PHPMailer Debug [1]: CLIENT -> SERVER: MAIL FROM:<no-reply@presensirfid.com>

PHPMailer Debug [2]: SERVER -> CLIENT: 250 2.1.0 OK 41be03b00d2f7-b15fa906da6sm2768602a12.62 - gsmtp

PHPMailer Debug [1]: CLIENT -> SERVER: RCPT TO:<zallahzakaria@apps.ipb.ac.id>

PHPMailer Debug [2]: SERVER -> CLIENT: 250 2.1.5 OK 41be03b00d2f7-b15fa906da6sm2768602a12.62 - gsmtp

PHPMailer Debug [1]: CLIENT -> SERVER: DATA

PHPMailer Debug [2]: SERVER -> CLIENT: 354 Go ahead 41be03b00d2f7-b15fa906da6sm2768602a12.62 - gsmtp

PHPMailer Debug [1]: CLIENT -> SERVER: Date: Fri, 25 Apr 2025 14:31:22 +0200

PHPMailer Debug [1]: CLIENT -> SERVER: To: zallahzakaria@apps.ipb.ac.id

PHPMailer Debug [1]: CLIENT -> SERVER: From: Presensi RFID <no-reply@presensirfid.com>

PHPMailer Debug [1]: CLIENT -> SERVER: Subject: Reset Password - Presensi RFID

PHPMailer Debug [1]: CLIENT -> SERVER: Message-ID: <vFFcHmfiJyVstjuuFF9Hjkr7WICDx0IWiQnyDJ2zmk@localhost>

PHPMailer Debug [1]: CLIENT -> SERVER: X-Mailer: PHPMailer 6.10.0 (https://github.com/PHPMailer/PHPMailer)

PHPMailer Debug [1]: CLIENT -> SERVER: MIME-Version: 1.0

PHPMailer Debug [1]: CLIENT -> SERVER: Content-Type: text/plain; charset=iso-8859-1

PHPMailer Debug [1]: CLIENT -> SERVER: 

PHPMailer Debug [1]: CLIENT -> SERVER: Hello,

PHPMailer Debug [1]: CLIENT -> SERVER: 

PHPMailer Debug [1]: CLIENT -> SERVER: You have requested to reset your password. Click the link below to set a new password:

PHPMailer Debug [1]: CLIENT -> SERVER: http://localhost/path/to/new_password.php?token=9d6257b8381d936750a067bcb33fed4bc8faaf153876bf88682513eedfa3ed84&email=zallahzakaria%40apps.ipb.ac.id

PHPMailer Debug [1]: CLIENT -> SERVER: 

PHPMailer Debug [1]: CLIENT -> SERVER: This link will expire in 1 hour.

PHPMailer Debug [1]: CLIENT -> SERVER: 

PHPMailer Debug [1]: CLIENT -> SERVER: If you did not request this, please ignore this email.

PHPMailer Debug [1]: CLIENT -> SERVER: Best regards,

PHPMailer Debug [1]: CLIENT -> SERVER: Presensi RFID Team

PHPMailer Debug [1]: CLIENT -> SERVER: 

PHPMailer Debug [1]: CLIENT -> SERVER: .

PHPMailer Debug [2]: SERVER -> CLIENT: 250 2.0.0 OK  1745584289 41be03b00d2f7-b15fa906da6sm2768602a12.62 - gsmtp

PHPMailer Debug [1]: CLIENT -> SERVER: QUIT

PHPMailer Debug [2]: SERVER -> CLIENT: 221 2.0.0 closing connection 41be03b00d2f7-b15fa906da6sm2768602a12.62 - gsmtp

PHPMailer Debug [2]: SERVER -> CLIENT: 220 smtp.gmail.com ESMTP d2e1a72fcca58-73e25acaba0sm2993648b3a.169 - gsmtp

PHPMailer Debug [1]: CLIENT -> SERVER: EHLO localhost

PHPMailer Debug [2]: SERVER -> CLIENT: 250-smtp.gmail.com at your service, [120.188.34.210]
250-SIZE 35882577
250-8BITMIME
250-STARTTLS
250-ENHANCEDSTATUSCODES
250-PIPELINING
250-CHUNKING
250 SMTPUTF8

PHPMailer Debug [1]: CLIENT -> SERVER: STARTTLS

PHPMailer Debug [2]: SERVER -> CLIENT: 220 2.0.0 Ready to start TLS

PHPMailer Debug [1]: CLIENT -> SERVER: EHLO localhost

PHPMailer Debug [2]: SERVER -> CLIENT: 250-smtp.gmail.com at your service, [120.188.34.210]
250-SIZE 35882577
250-8BITMIME
250-AUTH LOGIN PLAIN XOAUTH2 PLAIN-CLIENTTOKEN OAUTHBEARER XOAUTH
250-ENHANCEDSTATUSCODES
250-PIPELINING
250-CHUNKING
250 SMTPUTF8

PHPMailer Debug [1]: CLIENT -> SERVER: AUTH LOGIN

PHPMailer Debug [2]: SERVER -> CLIENT: 334 VXNlcm5hbWU6

PHPMailer Debug [1]: CLIENT -> SERVER: [credentials hidden]
PHPMailer Debug [2]: SERVER -> CLIENT: 334 UGFzc3dvcmQ6

PHPMailer Debug [1]: CLIENT -> SERVER: [credentials hidden]
PHPMailer Debug [2]: SERVER -> CLIENT: 235 2.7.0 Accepted

PHPMailer Debug [1]: CLIENT -> SERVER: MAIL FROM:<no-reply@presensirfid.com>

PHPMailer Debug [2]: SERVER -> CLIENT: 250 2.1.0 OK d2e1a72fcca58-73e25acaba0sm2993648b3a.169 - gsmtp

PHPMailer Debug [1]: CLIENT -> SERVER: RCPT TO:<zallahzakaria@apps.ipb.ac.id>

PHPMailer Debug [2]: SERVER -> CLIENT: 250 2.1.5 OK d2e1a72fcca58-73e25acaba0sm2993648b3a.169 - gsmtp

PHPMailer Debug [1]: CLIENT -> SERVER: DATA

PHPMailer Debug [2]: SERVER -> CLIENT: 354 Go ahead d2e1a72fcca58-73e25acaba0sm2993648b3a.169 - gsmtp

PHPMailer Debug [1]: CLIENT -> SERVER: Date: Fri, 25 Apr 2025 14:36:02 +0200

PHPMailer Debug [1]: CLIENT -> SERVER: To: zallahzakaria@apps.ipb.ac.id

PHPMailer Debug [1]: CLIENT -> SERVER: From: Presensi RFID <no-reply@presensirfid.com>

PHPMailer Debug [1]: CLIENT -> SERVER: Subject: Reset Password - Presensi RFID

PHPMailer Debug [1]: CLIENT -> SERVER: Message-ID: <9pSjruMuQEUrAmSeQkdWgZS8WPRBAMFN535TJLQkOg@localhost>

PHPMailer Debug [1]: CLIENT -> SERVER: X-Mailer: PHPMailer 6.10.0 (https://github.com/PHPMailer/PHPMailer)

PHPMailer Debug [1]: CLIENT -> SERVER: MIME-Version: 1.0

PHPMailer Debug [1]: CLIENT -> SERVER: Content-Type: text/plain; charset=iso-8859-1

PHPMailer Debug [1]: CLIENT -> SERVER: 

PHPMailer Debug [1]: CLIENT -> SERVER: Hello,

PHPMailer Debug [1]: CLIENT -> SERVER: 

PHPMailer Debug [1]: CLIENT -> SERVER: You have requested to reset your password. Click the link below to set a new password:

PHPMailer Debug [1]: CLIENT -> SERVER: http://localhost/rfidattendance/new_password.php?token=9b350675fd1c642a37f5425446b65ce8cedadada571a4edcdc3b1403365f2013&email=zallahzakaria%40apps.ipb.ac.id

PHPMailer Debug [1]: CLIENT -> SERVER: 

PHPMailer Debug [1]: CLIENT -> SERVER: This link will expire in 1 hour.

PHPMailer Debug [1]: CLIENT -> SERVER: 

PHPMailer Debug [1]: CLIENT -> SERVER: If you did not request this, please ignore this email.

PHPMailer Debug [1]: CLIENT -> SERVER: Best regards,

PHPMailer Debug [1]: CLIENT -> SERVER: Presensi RFID Team

PHPMailer Debug [1]: CLIENT -> SERVER: 

PHPMailer Debug [1]: CLIENT -> SERVER: .

PHPMailer Debug [2]: SERVER -> CLIENT: 250 2.0.0 OK  1745584569 d2e1a72fcca58-73e25acaba0sm2993648b3a.169 - gsmtp

PHPMailer Debug [1]: CLIENT -> SERVER: QUIT

PHPMailer Debug [2]: SERVER -> CLIENT: 221 2.0.0 closing connection d2e1a72fcca58-73e25acaba0sm2993648b3a.169 - gsmtp

PHPMailer Debug [2]: SERVER -> CLIENT: 220 smtp.gmail.com ESMTP 98e67ed59e1d1-309eef7cc58sm3326660a91.0 - gsmtp

PHPMailer Debug [1]: CLIENT -> SERVER: EHLO localhost

PHPMailer Debug [2]: SERVER -> CLIENT: 250-smtp.gmail.com at your service, [120.188.34.210]
250-SIZE 35882577
250-8BITMIME
250-STARTTLS
250-ENHANCEDSTATUSCODES
250-PIPELINING
250-CHUNKING
250 SMTPUTF8

PHPMailer Debug [1]: CLIENT -> SERVER: STARTTLS

PHPMailer Debug [2]: SERVER -> CLIENT: 220 2.0.0 Ready to start TLS

PHPMailer Debug [1]: CLIENT -> SERVER: EHLO localhost

PHPMailer Debug [2]: SERVER -> CLIENT: 250-smtp.gmail.com at your service, [120.188.34.210]
250-SIZE 35882577
250-8BITMIME
250-AUTH LOGIN PLAIN XOAUTH2 PLAIN-CLIENTTOKEN OAUTHBEARER XOAUTH
250-ENHANCEDSTATUSCODES
250-PIPELINING
250-CHUNKING
250 SMTPUTF8

PHPMailer Debug [1]: CLIENT -> SERVER: AUTH LOGIN

PHPMailer Debug [2]: SERVER -> CLIENT: 334 VXNlcm5hbWU6

PHPMailer Debug [1]: CLIENT -> SERVER: [credentials hidden]
PHPMailer Debug [2]: SERVER -> CLIENT: 334 UGFzc3dvcmQ6

PHPMailer Debug [1]: CLIENT -> SERVER: [credentials hidden]
PHPMailer Debug [2]: SERVER -> CLIENT: 235 2.7.0 Accepted

PHPMailer Debug [1]: CLIENT -> SERVER: MAIL FROM:<no-reply@presensirfid.com>

PHPMailer Debug [2]: SERVER -> CLIENT: 250 2.1.0 OK 98e67ed59e1d1-309eef7cc58sm3326660a91.0 - gsmtp

PHPMailer Debug [1]: CLIENT -> SERVER: RCPT TO:<zallahzakaria@apps.ipb.ac.id>

PHPMailer Debug [2]: SERVER -> CLIENT: 250 2.1.5 OK 98e67ed59e1d1-309eef7cc58sm3326660a91.0 - gsmtp

PHPMailer Debug [1]: CLIENT -> SERVER: DATA

PHPMailer Debug [2]: SERVER -> CLIENT: 354 Go ahead 98e67ed59e1d1-309eef7cc58sm3326660a91.0 - gsmtp

PHPMailer Debug [1]: CLIENT -> SERVER: Date: Fri, 25 Apr 2025 14:37:06 +0200

PHPMailer Debug [1]: CLIENT -> SERVER: To: zallahzakaria@apps.ipb.ac.id

PHPMailer Debug [1]: CLIENT -> SERVER: From: Presensi RFID <no-reply@presensirfid.com>

PHPMailer Debug [1]: CLIENT -> SERVER: Subject: Reset Password - Presensi RFID

PHPMailer Debug [1]: CLIENT -> SERVER: Message-ID: <vjOAgqD0iZejG34eZ0Ft3cqna8pdGCOTUgWOnCTiY@localhost>

PHPMailer Debug [1]: CLIENT -> SERVER: X-Mailer: PHPMailer 6.10.0 (https://github.com/PHPMailer/PHPMailer)

PHPMailer Debug [1]: CLIENT -> SERVER: MIME-Version: 1.0

PHPMailer Debug [1]: CLIENT -> SERVER: Content-Type: text/plain; charset=iso-8859-1

PHPMailer Debug [1]: CLIENT -> SERVER: 

PHPMailer Debug [1]: CLIENT -> SERVER: Hello,

PHPMailer Debug [1]: CLIENT -> SERVER: 

PHPMailer Debug [1]: CLIENT -> SERVER: You have requested to reset your password. Click the link below to set a new password:

PHPMailer Debug [1]: CLIENT -> SERVER: http://localhost/Website TA/rfidattendance/new_password.php?token=343198cb639c367064b4fc820ada66a4d90b20541404400e03070002205699dd&email=zallahzakaria%40apps.ipb.ac.id

PHPMailer Debug [1]: CLIENT -> SERVER: 

PHPMailer Debug [1]: CLIENT -> SERVER: This link will expire in 1 hour.

PHPMailer Debug [1]: CLIENT -> SERVER: 

PHPMailer Debug [1]: CLIENT -> SERVER: If you did not request this, please ignore this email.

PHPMailer Debug [1]: CLIENT -> SERVER: Best regards,

PHPMailer Debug [1]: CLIENT -> SERVER: Presensi RFID Team

PHPMailer Debug [1]: CLIENT -> SERVER: 

PHPMailer Debug [1]: CLIENT -> SERVER: .

PHPMailer Debug [2]: SERVER -> CLIENT: 250 2.0.0 OK  1745584633 98e67ed59e1d1-309eef7cc58sm3326660a91.0 - gsmtp

PHPMailer Debug [1]: CLIENT -> SERVER: QUIT

PHPMailer Debug [2]: SERVER -> CLIENT: 221 2.0.0 closing connection 98e67ed59e1d1-309eef7cc58sm3326660a91.0 - gsmtp

PHPMailer Debug [2]: SERVER -> CLIENT: 220 smtp.gmail.com ESMTP 98e67ed59e1d1-309ef1246d2sm3293841a91.36 - gsmtp

PHPMailer Debug [1]: CLIENT -> SERVER: EHLO localhost

PHPMailer Debug [2]: SERVER -> CLIENT: 250-smtp.gmail.com at your service, [120.188.34.210]
250-SIZE 35882577
250-8BITMIME
250-STARTTLS
250-ENHANCEDSTATUSCODES
250-PIPELINING
250-CHUNKING
250 SMTPUTF8

PHPMailer Debug [1]: CLIENT -> SERVER: STARTTLS

PHPMailer Debug [2]: SERVER -> CLIENT: 220 2.0.0 Ready to start TLS

PHPMailer Debug [1]: CLIENT -> SERVER: EHLO localhost

PHPMailer Debug [2]: SERVER -> CLIENT: 250-smtp.gmail.com at your service, [120.188.34.210]
250-SIZE 35882577
250-8BITMIME
250-AUTH LOGIN PLAIN XOAUTH2 PLAIN-CLIENTTOKEN OAUTHBEARER XOAUTH
250-ENHANCEDSTATUSCODES
250-PIPELINING
250-CHUNKING
250 SMTPUTF8

PHPMailer Debug [1]: CLIENT -> SERVER: AUTH LOGIN

PHPMailer Debug [2]: SERVER -> CLIENT: 334 VXNlcm5hbWU6

PHPMailer Debug [1]: CLIENT -> SERVER: [credentials hidden]
PHPMailer Debug [2]: SERVER -> CLIENT: 334 UGFzc3dvcmQ6

PHPMailer Debug [1]: CLIENT -> SERVER: [credentials hidden]
PHPMailer Debug [2]: SERVER -> CLIENT: 235 2.7.0 Accepted

PHPMailer Debug [1]: CLIENT -> SERVER: MAIL FROM:<no-reply@presensirfid.com>

PHPMailer Debug [2]: SERVER -> CLIENT: 250 2.1.0 OK 98e67ed59e1d1-309ef1246d2sm3293841a91.36 - gsmtp

PHPMailer Debug [1]: CLIENT -> SERVER: RCPT TO:<zallahzakaria@apps.ipb.ac.id>

PHPMailer Debug [2]: SERVER -> CLIENT: 250 2.1.5 OK 98e67ed59e1d1-309ef1246d2sm3293841a91.36 - gsmtp

PHPMailer Debug [1]: CLIENT -> SERVER: DATA

PHPMailer Debug [2]: SERVER -> CLIENT: 354 Go ahead 98e67ed59e1d1-309ef1246d2sm3293841a91.36 - gsmtp

PHPMailer Debug [1]: CLIENT -> SERVER: Date: Fri, 25 Apr 2025 14:38:25 +0200

PHPMailer Debug [1]: CLIENT -> SERVER: To: zallahzakaria@apps.ipb.ac.id

PHPMailer Debug [1]: CLIENT -> SERVER: From: Presensi RFID <no-reply@presensirfid.com>

PHPMailer Debug [1]: CLIENT -> SERVER: Subject: Reset Password - Presensi RFID

PHPMailer Debug [1]: CLIENT -> SERVER: Message-ID: <QnUt6VHDkalzw38XxPY3B9QzDgY5Ix1HeaAh5gb4yc@localhost>

PHPMailer Debug [1]: CLIENT -> SERVER: X-Mailer: PHPMailer 6.10.0 (https://github.com/PHPMailer/PHPMailer)

PHPMailer Debug [1]: CLIENT -> SERVER: MIME-Version: 1.0

PHPMailer Debug [1]: CLIENT -> SERVER: Content-Type: text/plain; charset=iso-8859-1

PHPMailer Debug [1]: CLIENT -> SERVER: 

PHPMailer Debug [1]: CLIENT -> SERVER: Hello,

PHPMailer Debug [1]: CLIENT -> SERVER: 

PHPMailer Debug [1]: CLIENT -> SERVER: You have requested to reset your password. Click the link below to set a new password:

PHPMailer Debug [1]: CLIENT -> SERVER: http://localhost/Website TA/rfidattendance/new_password.php?token=6387fb6e6212f77ed3e8604d477bdc589f0b2eed8a646a3e9a9ebbde20a9555e&email=zallahzakaria%40apps.ipb.ac.id

PHPMailer Debug [1]: CLIENT -> SERVER: 

PHPMailer Debug [1]: CLIENT -> SERVER: This link will expire in 1 hour.

PHPMailer Debug [1]: CLIENT -> SERVER: 

PHPMailer Debug [1]: CLIENT -> SERVER: If you did not request this, please ignore this email.

PHPMailer Debug [1]: CLIENT -> SERVER: Best regards,

PHPMailer Debug [1]: CLIENT -> SERVER: Presensi RFID Team

PHPMailer Debug [1]: CLIENT -> SERVER: 

PHPMailer Debug [1]: CLIENT -> SERVER: .

PHPMailer Debug [2]: SERVER -> CLIENT: 250 2.0.0 OK  1745584711 98e67ed59e1d1-309ef1246d2sm3293841a91.36 - gsmtp

PHPMailer Debug [1]: CLIENT -> SERVER: QUIT

PHPMailer Debug [2]: SERVER -> CLIENT: 221 2.0.0 closing connection 98e67ed59e1d1-309ef1246d2sm3293841a91.36 - gsmtp

PHPMailer Debug [2]: SERVER -> CLIENT: 220 smtp.gmail.com ESMTP d9443c01a7336-22db52214ebsm30913275ad.246 - gsmtp

PHPMailer Debug [1]: CLIENT -> SERVER: EHLO localhost

PHPMailer Debug [2]: SERVER -> CLIENT: 250-smtp.gmail.com at your service, [120.188.34.210]
250-SIZE 35882577
250-8BITMIME
250-STARTTLS
250-ENHANCEDSTATUSCODES
250-PIPELINING
250-CHUNKING
250 SMTPUTF8

PHPMailer Debug [1]: CLIENT -> SERVER: STARTTLS

PHPMailer Debug [2]: SERVER -> CLIENT: 220 2.0.0 Ready to start TLS

PHPMailer Debug [1]: CLIENT -> SERVER: EHLO localhost

PHPMailer Debug [2]: SERVER -> CLIENT: 250-smtp.gmail.com at your service, [120.188.34.210]
250-SIZE 35882577
250-8BITMIME
250-AUTH LOGIN PLAIN XOAUTH2 PLAIN-CLIENTTOKEN OAUTHBEARER XOAUTH
250-ENHANCEDSTATUSCODES
250-PIPELINING
250-CHUNKING
250 SMTPUTF8

PHPMailer Debug [1]: CLIENT -> SERVER: AUTH LOGIN

PHPMailer Debug [2]: SERVER -> CLIENT: 334 VXNlcm5hbWU6

PHPMailer Debug [1]: CLIENT -> SERVER: [credentials hidden]
PHPMailer Debug [2]: SERVER -> CLIENT: 334 UGFzc3dvcmQ6

PHPMailer Debug [1]: CLIENT -> SERVER: [credentials hidden]
PHPMailer Debug [2]: SERVER -> CLIENT: 235 2.7.0 Accepted

PHPMailer Debug [1]: CLIENT -> SERVER: MAIL FROM:<no-reply@presensirfid.com>

PHPMailer Debug [2]: SERVER -> CLIENT: 250 2.1.0 OK d9443c01a7336-22db52214ebsm30913275ad.246 - gsmtp

PHPMailer Debug [1]: CLIENT -> SERVER: RCPT TO:<zallahzakaria@apps.ipb.ac.id>

PHPMailer Debug [2]: SERVER -> CLIENT: 250 2.1.5 OK d9443c01a7336-22db52214ebsm30913275ad.246 - gsmtp

PHPMailer Debug [1]: CLIENT -> SERVER: DATA

PHPMailer Debug [2]: SERVER -> CLIENT: 354 Go ahead d9443c01a7336-22db52214ebsm30913275ad.246 - gsmtp

PHPMailer Debug [1]: CLIENT -> SERVER: Date: Fri, 25 Apr 2025 14:43:03 +0200

PHPMailer Debug [1]: CLIENT -> SERVER: To: zallahzakaria@apps.ipb.ac.id

PHPMailer Debug [1]: CLIENT -> SERVER: From: Presensi RFID <no-reply@presensirfid.com>

PHPMailer Debug [1]: CLIENT -> SERVER: Subject: Reset Password - Presensi RFID

PHPMailer Debug [1]: CLIENT -> SERVER: Message-ID: <pP3yK7iH7Sto0VYzQBT2yggngAbwkbCkXUvVZrzMQ@localhost>

PHPMailer Debug [1]: CLIENT -> SERVER: X-Mailer: PHPMailer 6.10.0 (https://github.com/PHPMailer/PHPMailer)

PHPMailer Debug [1]: CLIENT -> SERVER: MIME-Version: 1.0

PHPMailer Debug [1]: CLIENT -> SERVER: Content-Type: text/plain; charset=iso-8859-1

PHPMailer Debug [1]: CLIENT -> SERVER: 

PHPMailer Debug [1]: CLIENT -> SERVER: Hello,

PHPMailer Debug [1]: CLIENT -> SERVER: 

PHPMailer Debug [1]: CLIENT -> SERVER: You have requested to reset your password. Click the link below to set a new password:

PHPMailer Debug [1]: CLIENT -> SERVER: http://localhost/Website TA/rfidattendance/new_password.php?email=zallahzakaria%40apps.ipb.ac.id

PHPMailer Debug [1]: CLIENT -> SERVER: 

PHPMailer Debug [1]: CLIENT -> SERVER: If you did not request this, please ignore this email.

PHPMailer Debug [1]: CLIENT -> SERVER: Best regards,

PHPMailer Debug [1]: CLIENT -> SERVER: Presensi RFID Team

PHPMailer Debug [1]: CLIENT -> SERVER: 

PHPMailer Debug [1]: CLIENT -> SERVER: .

PHPMailer Debug [2]: SERVER -> CLIENT: 250 2.0.0 OK  1745584989 d9443c01a7336-22db52214ebsm30913275ad.246 - gsmtp

PHPMailer Debug [1]: CLIENT -> SERVER: QUIT

PHPMailer Debug [2]: SERVER -> CLIENT: 221 2.0.0 closing connection d9443c01a7336-22db52214ebsm30913275ad.246 - gsmtp

